// Jest Snapshot v1, https://goo.gl/fbAQLP

exports[`<HomeHero /> render a HomeHero 1`] = `
ShallowWrapper {
  "length": 1,
  Symbol(enzyme.__root__): [Circular],
  Symbol(enzyme.__unrendered__): <HomeHero />,
  Symbol(enzyme.__renderer__): Object {
    "batchedUpdates": [Function],
    "getNode": [Function],
    "render": [Function],
    "simulateEvent": [Function],
    "unmount": [Function],
  },
  Symbol(enzyme.__node__): Object {
    "instance": null,
    "key": undefined,
    "nodeType": "class",
    "props": Object {
      "children": <styled.div>
        <styled.h1>
                What music will you listen to today?
        </styled.h1>
        <styled.h4>
                Be the first to know when we launch.
        </styled.h4>
</styled.div>,
    },
    "ref": null,
    "rendered": Object {
      "instance": null,
      "key": undefined,
      "nodeType": "class",
      "props": Object {
        "children": Array [
          <styled.h1>
            What music will you listen to today?
</styled.h1>,
          <styled.h4>
            Be the first to know when we launch.
</styled.h4>,
        ],
      },
      "ref": null,
      "rendered": Array [
        Object {
          "instance": null,
          "key": undefined,
          "nodeType": "class",
          "props": Object {
            "children": "What music will you listen to today?",
          },
          "ref": null,
          "rendered": "What music will you listen to today?",
          "type": [Function],
        },
        Object {
          "instance": null,
          "key": undefined,
          "nodeType": "class",
          "props": Object {
            "children": "Be the first to know when we launch.",
          },
          "ref": null,
          "rendered": "Be the first to know when we launch.",
          "type": [Function],
        },
      ],
      "type": [Function],
    },
    "type": [Function],
  },
  Symbol(enzyme.__nodes__): Array [
    Object {
      "instance": null,
      "key": undefined,
      "nodeType": "class",
      "props": Object {
        "children": <styled.div>
          <styled.h1>
                    What music will you listen to today?
          </styled.h1>
          <styled.h4>
                    Be the first to know when we launch.
          </styled.h4>
</styled.div>,
      },
      "ref": null,
      "rendered": Object {
        "instance": null,
        "key": undefined,
        "nodeType": "class",
        "props": Object {
          "children": Array [
            <styled.h1>
              What music will you listen to today?
</styled.h1>,
            <styled.h4>
              Be the first to know when we launch.
</styled.h4>,
          ],
        },
        "ref": null,
        "rendered": Array [
          Object {
            "instance": null,
            "key": undefined,
            "nodeType": "class",
            "props": Object {
              "children": "What music will you listen to today?",
            },
            "ref": null,
            "rendered": "What music will you listen to today?",
            "type": [Function],
          },
          Object {
            "instance": null,
            "key": undefined,
            "nodeType": "class",
            "props": Object {
              "children": "Be the first to know when we launch.",
            },
            "ref": null,
            "rendered": "Be the first to know when we launch.",
            "type": [Function],
          },
        ],
        "type": [Function],
      },
      "type": [Function],
    },
  ],
  Symbol(enzyme.__options__): Object {
    "adapter": ReactSixteenAdapter {
      "options": Object {
        "enableComponentDidUpdateOnSetState": true,
      },
    },
  },
}
`;
